// Vitest Snapshot v1, https://vitest.dev/guide/snapshot.html

exports[`training-data presentation helpers > characterizes editable quantity units for every curated activity 1`] = `
[
  "international-dojo-2-hour-session | (root) > international-dojo-2-hour-session-warm-up-warm-up (Warm-up) | explicit | minutes",
  "international-dojo-2-hour-session | (root) > international-dojo-2-hour-session-suburi-suburi (Suburi) | explicit | minutes",
  "international-dojo-2-hour-session | (root) > international-dojo-2-hour-session-ashi-sabaki-ashi-sabaki (Ashi sabaki) | explicit | minutes",
  "international-dojo-2-hour-session | (root) > international-dojo-2-hour-session-kirikaeshi-kirikaeshi (Kirikaeshi) | explicit | repetitions",
  "international-dojo-2-hour-session | (root) > international-dojo-2-hour-session-kihon-waza (Kihon-waza) | not editable | none",
  "international-dojo-2-hour-session | international-dojo-2-hour-session-kihon-waza > international-dojo-2-hour-session-kihon-waza-men (Men) | explicit | repetitions",
  "international-dojo-2-hour-session | international-dojo-2-hour-session-kihon-waza > international-dojo-2-hour-session-kihon-waza-kote (Kote) | explicit | repetitions",
  "international-dojo-2-hour-session | international-dojo-2-hour-session-kihon-waza > international-dojo-2-hour-session-kihon-waza-do (Do) | explicit | repetitions",
  "international-dojo-2-hour-session | international-dojo-2-hour-session-kihon-waza > international-dojo-2-hour-session-kihon-waza-tsuki (Tsuki) | explicit | repetitions",
  "international-dojo-2-hour-session | (root) > international-dojo-2-hour-session-uchikomi (Uchikomi) | not editable | none",
  "international-dojo-2-hour-session | international-dojo-2-hour-session-uchikomi > international-dojo-2-hour-session-uchikomi-men-kote-kote-men-men (Men → Kote → Kote-men → Men) | explicit | repetitions",
  "international-dojo-2-hour-session | (root) > international-dojo-2-hour-session-shikake-waza (Shikake-waza) | not editable | none",
  "international-dojo-2-hour-session | international-dojo-2-hour-session-shikake-waza > international-dojo-2-hour-session-shikake-waza-men (Men) | explicit | repetitions",
  "international-dojo-2-hour-session | international-dojo-2-hour-session-shikake-waza > international-dojo-2-hour-session-shikake-waza-kote (Kote) | explicit | repetitions",
  "international-dojo-2-hour-session | international-dojo-2-hour-session-shikake-waza > international-dojo-2-hour-session-shikake-waza-do (Do) | explicit | repetitions",
  "international-dojo-2-hour-session | (root) > international-dojo-2-hour-session-oji-waza (Oji-waza) | not editable | none",
  "international-dojo-2-hour-session | international-dojo-2-hour-session-oji-waza > international-dojo-2-hour-session-oji-waza-kaeshi-do (Kaeshi do) | explicit | repetitions",
  "international-dojo-2-hour-session | international-dojo-2-hour-session-oji-waza > international-dojo-2-hour-session-oji-waza-kaeshi-men (Kaeshi men) | explicit | repetitions",
  "international-dojo-2-hour-session | (root) > international-dojo-2-hour-session-hiki-waza (Hiki-waza) | not editable | none",
  "international-dojo-2-hour-session | international-dojo-2-hour-session-hiki-waza > international-dojo-2-hour-session-hiki-waza-hiki-men (Hiki men) | explicit | repetitions",
  "international-dojo-2-hour-session | international-dojo-2-hour-session-hiki-waza > international-dojo-2-hour-session-hiki-waza-hiki-kote (Hiki kote) | explicit | repetitions",
  "international-dojo-2-hour-session | international-dojo-2-hour-session-hiki-waza > international-dojo-2-hour-session-hiki-waza-hiki-do (Hiki do) | explicit | repetitions",
  "international-dojo-2-hour-session | (root) > international-dojo-2-hour-session-butsukarigeiko-butsukarigeiko (Butsukarigeiko) | explicit | minutes",
  "international-dojo-2-hour-session | (root) > international-dojo-2-hour-session-kakarigeiko-kakarigeiko (Kakarigeiko) | explicit | seconds",
  "international-dojo-2-hour-session | (root) > international-dojo-2-hour-session-jigeiko-jigeiko (Jigeiko) | explicit | minutes",
  "japanese-school-club | (root) > japanese-school-club-warm-up-warm-up (Warm-up) | fallback | minutes",
  "japanese-school-club | (root) > japanese-school-club-suburi (Suburi) | not editable | none",
  "japanese-school-club | japanese-school-club-suburi > japanese-school-club-suburi-joge (Joge) | fallback | repetitions",
  "japanese-school-club | japanese-school-club-suburi > japanese-school-club-suburi-shomen (Shomen) | fallback | repetitions",
  "japanese-school-club | japanese-school-club-suburi > japanese-school-club-suburi-sayu-men (Sayu-men) | fallback | repetitions",
  "japanese-school-club | japanese-school-club-suburi > japanese-school-club-suburi-haya (Haya) | fallback | repetitions",
  "japanese-school-club | (root) > japanese-school-club-ashi-sabaki-ashi-sabaki (Ashi sabaki) | fallback | minutes",
  "japanese-school-club | (root) > japanese-school-club-kirikaeshi-1-kirikaeshi (Kirikaeshi) | fallback | repetitions",
  "japanese-school-club | (root) > japanese-school-club-kihon-waza-kihon-waza (Kihon-waza) | fallback | repetitions",
  "japanese-school-club | (root) > japanese-school-club-oji-waza (Oji-waza) | not editable | none",
  "japanese-school-club | japanese-school-club-oji-waza > japanese-school-club-oji-waza-ai-men (Ai-men) | fallback | repetitions",
  "japanese-school-club | japanese-school-club-oji-waza > japanese-school-club-oji-waza-men-suriage-men (Men-suriage-men) | fallback | repetitions",
  "japanese-school-club | japanese-school-club-oji-waza > japanese-school-club-oji-waza-debana-kote (Debana kote) | fallback | repetitions",
  "japanese-school-club | japanese-school-club-oji-waza > japanese-school-club-oji-waza-nuki-do (Nuki-do) | fallback | repetitions",
  "japanese-school-club | japanese-school-club-oji-waza > japanese-school-club-oji-waza-kaeshi-do (Kaeshi-do) | fallback | repetitions",
  "japanese-school-club | japanese-school-club-oji-waza > japanese-school-club-oji-waza-kote-suriage-men (Kote-suriage-men) | fallback | repetitions",
  "japanese-school-club | japanese-school-club-oji-waza > japanese-school-club-oji-waza-kote-kaeshi-men (Kote-kaeshi-men) | fallback | repetitions",
  "japanese-school-club | japanese-school-club-oji-waza > japanese-school-club-oji-waza-ai-kote-men (Ai-kote-men) | fallback | repetitions",
  "japanese-school-club | japanese-school-club-oji-waza > japanese-school-club-oji-waza-kote-nuki-men (Kote-nuki-men) | fallback | repetitions",
  "japanese-school-club | (root) > japanese-school-club-jigeiko-jigeiko (Jigeiko) | fallback | minutes",
  "japanese-school-club | (root) > japanese-school-club-hikiwaza (Hiki-waza) | not editable | none",
  "japanese-school-club | japanese-school-club-hikiwaza > japanese-school-club-hikiwaza-hiki-men (Hiki men) | fallback | repetitions",
  "japanese-school-club | japanese-school-club-hikiwaza > japanese-school-club-hikiwaza-hiki-kote (Hiki kote) | fallback | repetitions",
  "japanese-school-club | japanese-school-club-hikiwaza > japanese-school-club-hikiwaza-hiki-do (Hiki do) | fallback | repetitions",
  "japanese-school-club | (root) > japanese-school-club-kakarigeiko-kakarigeiko (Kakarigeiko) | fallback | seconds",
  "japanese-school-club | (root) > japanese-school-club-ai-kakarigeiko-ai-kakarigeiko (Ai kakarigeiko) | fallback | seconds",
  "japanese-school-club | (root) > japanese-school-club-kirikaeshi-2-kirikaeshi (Kirikaeshi) | fallback | repetitions",
  "junior-high-kendo-club | (root) > junior-high-kendo-club-suburi (Suburi) | not editable | none",
  "junior-high-kendo-club | junior-high-kendo-club-suburi > junior-high-kendo-club-suburi-joge (Joge) | explicit | repetitions",
  "junior-high-kendo-club | junior-high-kendo-club-suburi > junior-high-kendo-club-suburi-shomen (Shomen) | explicit | repetitions",
  "junior-high-kendo-club | junior-high-kendo-club-suburi > junior-high-kendo-club-suburi-fumikomi (Fumikomi) | explicit | repetitions",
  "junior-high-kendo-club | junior-high-kendo-club-suburi > junior-high-kendo-club-suburi-sayu-men (Sayu-men) | explicit | repetitions",
  "junior-high-kendo-club | junior-high-kendo-club-suburi > junior-high-kendo-club-suburi-taisabaki-joge (Taisabaki-joge) | explicit | repetitions",
  "junior-high-kendo-club | junior-high-kendo-club-suburi > junior-high-kendo-club-suburi-haya (Haya) | explicit | repetitions, sets",
  "junior-high-kendo-club | (root) > junior-high-kendo-club-men-kirikaeshi-men-kirikaeshi (Men-kirikaeshi) | explicit | repetitions",
  "junior-high-kendo-club | (root) > junior-high-kendo-club-do-kirikaeshi-do-kirikaeshi (Do-kirikaeshi) | explicit | repetitions",
  "junior-high-kendo-club | (root) > junior-high-kendo-club-ai-kirikaeshi-ai-kirikaeshi (Ai kirikaeshi) | explicit | repetitions",
  "junior-high-kendo-club | (root) > junior-high-kendo-club-kihon-waza (Kihon-waza) | not editable | none",
  "junior-high-kendo-club | junior-high-kendo-club-kihon-waza > junior-high-kendo-club-kihon-waza-big-men (Big men) | explicit | repetitions, sets",
  "junior-high-kendo-club | junior-high-kendo-club-kihon-waza > junior-high-kendo-club-kihon-waza-big-kote-men (Big kote-men) | explicit | repetitions, sets",
  "junior-high-kendo-club | (root) > junior-high-kendo-club-match-speed-strikes ("Match-speed" strikes) | not editable | none",
  "junior-high-kendo-club | junior-high-kendo-club-match-speed-strikes > junior-high-kendo-club-match-speed-strikes-men (Men) | explicit | repetitions, sets",
  "junior-high-kendo-club | junior-high-kendo-club-match-speed-strikes > junior-high-kendo-club-match-speed-strikes-kote (Kote) | explicit | repetitions, sets",
  "junior-high-kendo-club | junior-high-kendo-club-match-speed-strikes > junior-high-kendo-club-match-speed-strikes-do (Do) | explicit | repetitions, sets",
  "junior-high-kendo-club | junior-high-kendo-club-match-speed-strikes > junior-high-kendo-club-match-speed-strikes-kote-men (Kote-men) | explicit | repetitions, sets",
  "junior-high-kendo-club | junior-high-kendo-club-match-speed-strikes > junior-high-kendo-club-match-speed-strikes-kote-do (Kote-do) | explicit | repetitions, sets",
  "junior-high-kendo-club | (root) > junior-high-kendo-club-kakarigeiko-kakarigeiko (Kakarigeiko) | explicit | seconds",
  "junior-high-kendo-club | (root) > junior-high-kendo-club-jigeiko-jigeiko (Jigeiko) | explicit | minutes",
  "official-znkr-ajkf | (root) > official-znkr-ajkf-warm-up-warm-up (Warm-up) | fallback | minutes",
  "official-znkr-ajkf | (root) > official-znkr-ajkf-kihon-waza (Kihon-waza) | not editable | none",
  "official-znkr-ajkf | official-znkr-ajkf-kihon-waza > official-znkr-ajkf-kihon-waza-men (Men) | fallback | repetitions",
  "official-znkr-ajkf | official-znkr-ajkf-kihon-waza > official-znkr-ajkf-kihon-waza-kote (Kote) | fallback | repetitions",
  "official-znkr-ajkf | official-znkr-ajkf-kihon-waza > official-znkr-ajkf-kihon-waza-do (Do) | fallback | repetitions",
  "official-znkr-ajkf | official-znkr-ajkf-kihon-waza > official-znkr-ajkf-kihon-waza-tsuki (Tsuki) | fallback | repetitions",
  "official-znkr-ajkf | (root) > official-znkr-ajkf-renzoku-waza (Renzoku-waza) | not editable | none",
  "official-znkr-ajkf | official-znkr-ajkf-renzoku-waza > official-znkr-ajkf-renzoku-waza-kote-men (Kote-men) | fallback | repetitions",
  "official-znkr-ajkf | (root) > official-znkr-ajkf-shikake-waza (Shikake-waza) | not editable | none",
  "official-znkr-ajkf | official-znkr-ajkf-shikake-waza > official-znkr-ajkf-shikake-waza-harai-men (Harai-men) | fallback | repetitions",
  "official-znkr-ajkf | official-znkr-ajkf-shikake-waza > official-znkr-ajkf-shikake-waza-debana-kote (Debana-kote) | fallback | repetitions",
  "official-znkr-ajkf | (root) > official-znkr-ajkf-hiki-waza (Hiki-waza) | not editable | none",
  "official-znkr-ajkf | official-znkr-ajkf-hiki-waza > official-znkr-ajkf-hiki-waza-hiki-do (Hiki-do) | fallback | repetitions",
  "official-znkr-ajkf | (root) > official-znkr-ajkf-oji-waza (Oji-waza) | not editable | none",
  "official-znkr-ajkf | official-znkr-ajkf-oji-waza > official-znkr-ajkf-oji-waza-men-nuki-do (Men-nuki-do) | fallback | repetitions",
  "official-znkr-ajkf | official-znkr-ajkf-oji-waza > official-znkr-ajkf-oji-waza-kote-suriage-men (Kote-suriage-men) | fallback | repetitions",
  "official-znkr-ajkf | official-znkr-ajkf-oji-waza > official-znkr-ajkf-oji-waza-men-kaeshi-do (Men-kaeshi-do) | fallback | repetitions",
  "official-znkr-ajkf | official-znkr-ajkf-oji-waza > official-znkr-ajkf-oji-waza-do-uchiotoshi-men (Do-uchiotoshi-men) | fallback | repetitions",
  "police-dojo-asageiko | (root) > police-dojo-asageiko-warm-up-warm-up (Warm-up) | explicit | minutes",
  "police-dojo-asageiko | (root) > police-dojo-asageiko-kirikaeshi-1-kirikaeshi (Kirikaeshi) | explicit | repetitions",
  "police-dojo-asageiko | (root) > police-dojo-asageiko-kihon-waza (Kihon-waza) | not editable | none",
  "police-dojo-asageiko | police-dojo-asageiko-kihon-waza > police-dojo-asageiko-kihon-waza-men (Men) | explicit | repetitions, sets",
  "police-dojo-asageiko | police-dojo-asageiko-kihon-waza > police-dojo-asageiko-kihon-waza-kote (Kote) | explicit | repetitions, sets",
  "police-dojo-asageiko | police-dojo-asageiko-kihon-waza > police-dojo-asageiko-kihon-waza-kote-men (Kote-men) | explicit | repetitions, sets",
  "police-dojo-asageiko | police-dojo-asageiko-kihon-waza > police-dojo-asageiko-kihon-waza-moshiawase-kakarite-s-choice (Moshiawase (kakarite's choice)) | explicit | repetitions, sets",
  "police-dojo-asageiko | (root) > police-dojo-asageiko-uchikomi (Uchikomi) | not editable | none",
  "police-dojo-asageiko | police-dojo-asageiko-uchikomi > police-dojo-asageiko-uchikomi-men (Men) | explicit | repetitions, sets",
  "police-dojo-asageiko | (root) > police-dojo-asageiko-kirikaeshi-2-kirikaeshi (Kirikaeshi) | explicit | repetitions",
  "police-dojo-asageiko-version-2 | (root) > police-dojo-asageiko-version-2-kirikaeshi-1-kirikaeshi (Kirikaeshi) | explicit | repetitions",
  "police-dojo-asageiko-version-2 | (root) > police-dojo-asageiko-version-2-renzoku-waza (Renzoku-waza) | not editable | none",
  "police-dojo-asageiko-version-2 | police-dojo-asageiko-version-2-renzoku-waza > police-dojo-asageiko-version-2-renzoku-waza-big-men (Big men) | explicit | repetitions, sets",
  "police-dojo-asageiko-version-2 | police-dojo-asageiko-version-2-renzoku-waza > police-dojo-asageiko-version-2-renzoku-waza-small-men (Small men) | explicit | repetitions, sets",
  "police-dojo-asageiko-version-2 | (root) > police-dojo-asageiko-version-2-kihon-waza (Kihon-waza) | not editable | none",
  "police-dojo-asageiko-version-2 | police-dojo-asageiko-version-2-kihon-waza > police-dojo-asageiko-version-2-kihon-waza-small-men-1 (Small men) | explicit | repetitions, sets",
  "police-dojo-asageiko-version-2 | police-dojo-asageiko-version-2-kihon-waza > police-dojo-asageiko-version-2-kihon-waza-small-men-2 (Small men) | explicit | repetitions, sets",
  "police-dojo-asageiko-version-2 | police-dojo-asageiko-version-2-kihon-waza > police-dojo-asageiko-version-2-kihon-waza-small-men-3 (Small men) | explicit | repetitions, sets",
  "police-dojo-asageiko-version-2 | police-dojo-asageiko-version-2-kihon-waza > police-dojo-asageiko-version-2-kihon-waza-kote (Kote) | explicit | repetitions, sets",
  "police-dojo-asageiko-version-2 | police-dojo-asageiko-version-2-kihon-waza > police-dojo-asageiko-version-2-kihon-waza-kote-men (Kote-men) | explicit | repetitions, sets",
  "police-dojo-asageiko-version-2 | police-dojo-asageiko-version-2-kihon-waza > police-dojo-asageiko-version-2-kihon-waza-katate-kote-morote-men (Katate-kote → morote-men) | explicit | repetitions, sets",
  "police-dojo-asageiko-version-2 | (root) > police-dojo-asageiko-version-2-moshiawase-oji-waza (Moshiawase oji-waza) | not editable | none",
  "police-dojo-asageiko-version-2 | police-dojo-asageiko-version-2-moshiawase-oji-waza > police-dojo-asageiko-version-2-moshiawase-oji-waza-men (Men) | explicit | repetitions, sets",
  "police-dojo-asageiko-version-2 | police-dojo-asageiko-version-2-moshiawase-oji-waza > police-dojo-asageiko-version-2-moshiawase-oji-waza-kote (Kote) | explicit | repetitions, sets",
  "police-dojo-asageiko-version-2 | police-dojo-asageiko-version-2-moshiawase-oji-waza > police-dojo-asageiko-version-2-moshiawase-oji-waza-men-oji-waza-vs-jodan (Men oji-waza vs. jodan) | explicit | repetitions, sets",
  "police-dojo-asageiko-version-2 | police-dojo-asageiko-version-2-moshiawase-oji-waza > police-dojo-asageiko-version-2-moshiawase-oji-waza-kote-oji-waza-vs-jodan (Kote oji-waza vs. jodan) | explicit | repetitions, sets",
  "police-dojo-asageiko-version-2 | (root) > police-dojo-asageiko-version-2-mawari-geiko-mawari-geiko (Mawarigeiko) | explicit | minutes",
  "police-dojo-asageiko-version-2 | (root) > police-dojo-asageiko-version-2-kirikaeshi-2-kirikaeshi (Kirikaeshi) | explicit | repetitions",
  "senior-high-school-kendo-club | (root) > senior-high-school-kendo-club-warm-up (Warm-up) | not editable | none",
  "senior-high-school-kendo-club | senior-high-school-kendo-club-warm-up > senior-high-school-kendo-club-warm-up-stretch (Stretch) | fallback | minutes",
  "senior-high-school-kendo-club | senior-high-school-kendo-club-warm-up > senior-high-school-kendo-club-warm-up-ladder-training (Ladder training) | fallback | minutes",
  "senior-high-school-kendo-club | (root) > senior-high-school-kendo-club-suburi (Suburi) | not editable | none",
  "senior-high-school-kendo-club | senior-high-school-kendo-club-suburi > senior-high-school-kendo-club-suburi-joge (Joge) | fallback | repetitions",
  "senior-high-school-kendo-club | senior-high-school-kendo-club-suburi > senior-high-school-kendo-club-suburi-shomen (Shomen) | fallback | repetitions",
  "senior-high-school-kendo-club | senior-high-school-kendo-club-suburi > senior-high-school-kendo-club-suburi-sayu-men (Sayu-men) | fallback | repetitions",
  "senior-high-school-kendo-club | senior-high-school-kendo-club-suburi > senior-high-school-kendo-club-suburi-matawari (Matawari) | fallback | repetitions",
  "senior-high-school-kendo-club | senior-high-school-kendo-club-suburi > senior-high-school-kendo-club-suburi-fumikomi (Fumikomi) | fallback | repetitions",
  "senior-high-school-kendo-club | senior-high-school-kendo-club-suburi > senior-high-school-kendo-club-suburi-ikkyodo-one-hand (Ikkyodo (one-hand)) | fallback | repetitions",
  "senior-high-school-kendo-club | (root) > senior-high-school-kendo-club-ashi-sabaki (Ashi sabaki) | not editable | none",
  "senior-high-school-kendo-club | senior-high-school-kendo-club-ashi-sabaki > senior-high-school-kendo-club-ashi-sabaki-suri-ashi-drills (Suri-ashi drills) | fallback | minutes",
  "senior-high-school-kendo-club | (root) > senior-high-school-kendo-club-suri-ash-kirikaeshi-suri-ash-kirikaeshi (Suri-ash-kirikaeshi) | fallback | repetitions",
  "senior-high-school-kendo-club | (root) > senior-high-school-kendo-club-one-breath-kirikaeshi-one-breath-kirikaeshi (One-breath-kirikaeshi) | fallback | repetitions",
  "senior-high-school-kendo-club | (root) > senior-high-school-kendo-club-ai-kirikaeshi-ai-kirikaeshi (Ai kirikaeshi) | fallback | repetitions",
  "senior-high-school-kendo-club | (root) > senior-high-school-kendo-club-do-kirikaeshi-do-kirikaeshi (Do-kirikaeshi) | fallback | repetitions",
  "senior-high-school-kendo-club | (root) > senior-high-school-kendo-club-kihon-waza (Kihon-waza) | not editable | none",
  "senior-high-school-kendo-club | senior-high-school-kendo-club-kihon-waza > senior-high-school-kendo-club-kihon-waza-men (Men) | fallback | repetitions",
  "senior-high-school-kendo-club | senior-high-school-kendo-club-kihon-waza > senior-high-school-kendo-club-kihon-waza-sashi-men (Sashi-men) | fallback | repetitions",
  "senior-high-school-kendo-club | senior-high-school-kendo-club-kihon-waza > senior-high-school-kendo-club-kihon-waza-kote (Kote) | fallback | repetitions",
  "senior-high-school-kendo-club | senior-high-school-kendo-club-kihon-waza > senior-high-school-kendo-club-kihon-waza-do (Do) | fallback | repetitions",
  "senior-high-school-kendo-club | senior-high-school-kendo-club-kihon-waza > senior-high-school-kendo-club-kihon-waza-morote-tsuki (Morote-tsuki) | fallback | repetitions",
  "senior-high-school-kendo-club | senior-high-school-kendo-club-kihon-waza > senior-high-school-kendo-club-kihon-waza-gyaku-do (Gyaku-do) | fallback | repetitions",
  "senior-high-school-kendo-club | senior-high-school-kendo-club-kihon-waza > senior-high-school-kendo-club-kihon-waza-kote-men (Kote-men) | fallback | repetitions",
  "senior-high-school-kendo-club | (root) > senior-high-school-kendo-club-hiki-waza (Hiki-waza) | not editable | none",
  "senior-high-school-kendo-club | senior-high-school-kendo-club-hiki-waza > senior-high-school-kendo-club-hiki-waza-hiki-men (Hiki-men) | fallback | repetitions",
  "senior-high-school-kendo-club | senior-high-school-kendo-club-hiki-waza > senior-high-school-kendo-club-hiki-waza-hiki-kote (Hiki-kote) | fallback | repetitions",
  "senior-high-school-kendo-club | senior-high-school-kendo-club-hiki-waza > senior-high-school-kendo-club-hiki-waza-hiki-do (Hiki-do) | fallback | repetitions",
  "senior-high-school-kendo-club | senior-high-school-kendo-club-hiki-waza > senior-high-school-kendo-club-hiki-waza-hiki-gyaku-do (Hiki-gyaku-do) | fallback | repetitions",
  "senior-high-school-kendo-club | (root) > senior-high-school-kendo-club-waza-geiko (Waza-geiko) | not editable | none",
  "senior-high-school-kendo-club | senior-high-school-kendo-club-waza-geiko > senior-high-school-kendo-club-waza-geiko-debana-men (Debana-men) | fallback | repetitions",
  "senior-high-school-kendo-club | senior-high-school-kendo-club-waza-geiko > senior-high-school-kendo-club-waza-geiko-debana-kote (Debana-kote) | fallback | repetitions",
  "senior-high-school-kendo-club | senior-high-school-kendo-club-waza-geiko > senior-high-school-kendo-club-waza-geiko-men-nuki-do (Men-nuki-do) | fallback | repetitions",
  "senior-high-school-kendo-club | senior-high-school-kendo-club-waza-geiko > senior-high-school-kendo-club-waza-geiko-men-suriage-men (Men-suriage-men) | fallback | repetitions",
  "senior-high-school-kendo-club | senior-high-school-kendo-club-waza-geiko > senior-high-school-kendo-club-waza-geiko-ai-kote-men (Ai-kote-men) | fallback | repetitions",
  "senior-high-school-kendo-club | senior-high-school-kendo-club-waza-geiko > senior-high-school-kendo-club-waza-geiko-kote-kaeshi-men (Kote-kaeshi-men) | fallback | repetitions",
  "senior-high-school-kendo-club | (root) > senior-high-school-kendo-club-oikomi-geiko (Oikomi-geiko) | not editable | none",
  "senior-high-school-kendo-club | senior-high-school-kendo-club-oikomi-geiko > senior-high-school-kendo-club-oikomi-geiko-big-men (Big men) | fallback | repetitions",
  "senior-high-school-kendo-club | senior-high-school-kendo-club-oikomi-geiko > senior-high-school-kendo-club-oikomi-geiko-small-men (Small men) | fallback | repetitions",
  "senior-high-school-kendo-club | senior-high-school-kendo-club-oikomi-geiko > senior-high-school-kendo-club-oikomi-geiko-kote-men (Kote-men) | fallback | repetitions",
  "senior-high-school-kendo-club | senior-high-school-kendo-club-oikomi-geiko > senior-high-school-kendo-club-oikomi-geiko-hiki-men (Hiki-men) | fallback | repetitions",
  "senior-high-school-kendo-club | senior-high-school-kendo-club-oikomi-geiko > senior-high-school-kendo-club-oikomi-geiko-kote-men-do-kote-men (Kote-men-do-kote-men) | fallback | repetitions",
  "senior-high-school-kendo-club | (root) > senior-high-school-kendo-club-pattern-geiko-pattern-geiko (Pattern-geiko) | fallback | repetitions",
  "senior-high-school-kendo-club | (root) > senior-high-school-kendo-club-jigeiko-jigeiko (Jigeiko) | explicit | minutes",
  "senior-high-school-kendo-club | (root) > senior-high-school-kendo-club-kakarigeiko-kakarigeiko (Kakarigeiko) | fallback | seconds",
  "university-high-school | (root) > university-high-school-kirikaeshi (Kirikaeshi) | not editable | none",
  "university-high-school | university-high-school-kirikaeshi > university-high-school-kirikaeshi-5-men-kirikaeshi (Men + kirikaeshi) | explicit | repetitions",
  "university-high-school | university-high-school-kirikaeshi > university-high-school-kirikaeshi-5-tsuki-kirikaeshi (Tsuki + kirikaeshi) | explicit | repetitions",
  "university-high-school | university-high-school-kirikaeshi > university-high-school-kirikaeshi-fast-kirikaeshi (Fast kirikaeshi) | explicit | repetitions",
  "university-high-school | university-high-school-kirikaeshi > university-high-school-kirikaeshi-one-breath-kirikaeshi (One-breath kirikaeshi) | explicit | repetitions",
  "university-high-school | university-high-school-kirikaeshi > university-high-school-kirikaeshi-ai-kirikaeshi (Ai kirikaeshi) | explicit | repetitions",
  "university-high-school | (root) > university-high-school-kihon-waza (Kihon-waza) | not editable | none",
  "university-high-school | university-high-school-kihon-waza > university-high-school-kihon-waza-big-men (Big men) | fallback | repetitions",
  "university-high-school | university-high-school-kihon-waza > university-high-school-kihon-waza-small-men (Small men) | fallback | repetitions",
  "university-high-school | university-high-school-kihon-waza > university-high-school-kihon-waza-seme-ashi-men (Seme ashi men) | fallback | repetitions",
  "university-high-school | university-high-school-kihon-waza > university-high-school-kihon-waza-seme-men (Seme men) | fallback | repetitions",
  "university-high-school | university-high-school-kihon-waza > university-high-school-kihon-waza-kote (Kote) | fallback | repetitions",
  "university-high-school | university-high-school-kihon-waza > university-high-school-kihon-waza-tsuki (Tsuki) | fallback | repetitions",
  "university-high-school | university-high-school-kihon-waza > university-high-school-kihon-waza-do (Do) | fallback | repetitions",
  "university-high-school | university-high-school-kihon-waza > university-high-school-kihon-waza-gyaku-do (Gyaku-do) | fallback | repetitions",
  "university-high-school | (root) > university-high-school-renzoku-waza (Renzoku-waza) | not editable | none",
  "university-high-school | university-high-school-renzoku-waza > university-high-school-renzoku-waza-kote-men (Kote-men) | fallback | repetitions",
  "university-high-school | university-high-school-renzoku-waza > university-high-school-renzoku-waza-kote-do (Kote-do) | fallback | repetitions",
  "university-high-school | university-high-school-renzoku-waza > university-high-school-renzoku-waza-tsuki-men (Tsuki-men) | fallback | repetitions",
  "university-high-school | university-high-school-renzoku-waza > university-high-school-renzoku-waza-tsuki-kote (Tsuki-kote) | fallback | repetitions",
  "university-high-school | (root) > university-high-school-ken-tore-circuit (Ken-tore circuit) | not editable | none",
  "university-high-school | university-high-school-ken-tore-circuit > university-high-school-ken-tore-circuit-station-a (Station A) | not editable | none",
  "university-high-school | university-high-school-ken-tore-circuit-station-a > university-high-school-ken-tore-circuit-kirikaeshi (Kirikaeshi) | explicit | seconds",
  "university-high-school | university-high-school-ken-tore-circuit-station-a > university-high-school-ken-tore-circuit-hayasuburi (Hayasuburi) | explicit | seconds",
  "university-high-school | university-high-school-ken-tore-circuit-station-a > university-high-school-ken-tore-circuit-stationary-kote-men (Stationary Kote-men) | explicit | seconds",
  "university-high-school | university-high-school-ken-tore-circuit-station-a > university-high-school-ken-tore-circuit-left-right-do-kirikaeshi (Left-right Dō-kirikaeshi) | explicit | seconds",
  "university-high-school | university-high-school-ken-tore-circuit > university-high-school-ken-tore-circuit-station-b (Station B) | not editable | none",
  "university-high-school | university-high-school-ken-tore-circuit-station-b > university-high-school-ken-tore-circuit-men (Men) | explicit | seconds",
  "university-high-school | university-high-school-ken-tore-circuit-station-b > university-high-school-ken-tore-circuit-kote (Kote) | explicit | seconds",
  "university-high-school | university-high-school-ken-tore-circuit-station-b > university-high-school-ken-tore-circuit-kote-men (Kote-men) | explicit | seconds",
  "university-high-school | university-high-school-ken-tore-circuit-station-b > university-high-school-ken-tore-circuit-do (Dō) | explicit | seconds",
  "junior-high-school-version-2 | (root) > junior-high-school-version-2-warm-up-warm-up (Warm-up) | fallback | minutes",
  "junior-high-school-version-2 | (root) > junior-high-school-version-2-suburi (Suburi) | not editable | none",
  "junior-high-school-version-2 | junior-high-school-version-2-suburi > junior-high-school-version-2-suburi-sankyodo-shomen (Sankyodo-shomen) | explicit | repetitions",
  "junior-high-school-version-2 | junior-high-school-version-2-suburi > junior-high-school-version-2-suburi-sayu-men (Sayu-men) | explicit | repetitions",
  "junior-high-school-version-2 | junior-high-school-version-2-suburi > junior-high-school-version-2-suburi-shomen-2-step-4-directions (Shomen 2-step 4-directions) | explicit | repetitions",
  "junior-high-school-version-2 | junior-high-school-version-2-suburi > junior-high-school-version-2-suburi-sayu-2-step-8-directions (Sayu 2-step 8-directions) | explicit | repetitions",
  "junior-high-school-version-2 | junior-high-school-version-2-suburi > junior-high-school-version-2-suburi-zenshin-kotae-shomen (Zenshin-kotae shomen) | explicit | repetitions",
  "junior-high-school-version-2 | junior-high-school-version-2-suburi > junior-high-school-version-2-suburi-hayasuburi (Haya) | explicit | repetitions, sets",
  "junior-high-school-version-2 | (root) > junior-high-school-version-2-ashi-sabaki (Ashi sabaki) | not editable | none",
  "junior-high-school-version-2 | junior-high-school-version-2-ashi-sabaki > junior-high-school-version-2-ashi-sabaki-one-step-advances (One-step advances) | fallback | minutes",
  "junior-high-school-version-2 | junior-high-school-version-2-ashi-sabaki > junior-high-school-version-2-ashi-sabaki-position-swap-suri-ashi (Position-swap suri-ashi) | fallback | minutes",
  "junior-high-school-version-2 | junior-high-school-version-2-ashi-sabaki > junior-high-school-version-2-ashi-sabaki-one-leg-suburi (One-leg suburi) | fallback | minutes",
  "junior-high-school-version-2 | junior-high-school-version-2-ashi-sabaki > junior-high-school-version-2-ashi-sabaki-3-direction-fumikomi (3-direction fumikomi) | fallback | minutes",
  "junior-high-school-version-2 | junior-high-school-version-2-ashi-sabaki > junior-high-school-version-2-ashi-sabaki-fumikomi-into-strike-drills (Fumikomi-into-strike drills) | fallback | minutes",
  "junior-high-school-version-2 | (root) > junior-high-school-version-2-kihon-waza-kihon-waza (Kihon-waza) | fallback | repetitions",
  "junior-high-school-version-2 | (root) > junior-high-school-version-2-mawarigeiko-mawarigeiko (Mawarigeiko) | fallback | repetitions",
  "university-version-2 | (root) > university-version-2-warm-up-warm-up (Warm-up) | fallback | minutes",
  "university-version-2 | (root) > university-version-2-suburi-suburi (Suburi) | fallback | minutes",
  "university-version-2 | (root) > university-version-2-ashi-sabaki-ashi-sabaki (Ashi sabaki) | fallback | minutes",
  "university-version-2 | (root) > university-version-2-dojo-length-drills (Dojo-length drills) | not editable | none",
  "university-version-2 | university-version-2-dojo-length-drills > university-version-2-dojo-length-drills-slow-kirikaeshi (Slow kirikaeshi) | explicit | repetitions",
  "university-version-2 | university-version-2-dojo-length-drills > university-version-2-dojo-length-drills-kirikaeshi (Kirikaeshi) | explicit | repetitions",
  "university-version-2 | university-version-2-dojo-length-drills > university-version-2-dojo-length-drills-kirikaeshi-suriashi (Kirikaeshi + suri-ashi) | explicit | repetitions",
  "university-version-2 | (root) > university-version-2-oikomi-geiko (Oikomi-geiko) | not editable | none",
  "university-version-2 | university-version-2-oikomi-geiko > university-version-2-oikomi-geiko-men (Men) | explicit | repetitions",
  "university-version-2 | university-version-2-oikomi-geiko > university-version-2-oikomi-geiko-kote-men (Kote-men) | explicit | repetitions",
  "university-version-2 | (root) > university-version-2-kihon-waza (Kihon-waza) | not editable | none",
  "university-version-2 | university-version-2-kihon-waza > university-version-2-kihon-waza-men (Men) | fallback | repetitions",
  "university-version-2 | university-version-2-kihon-waza > university-version-2-kihon-waza-kote (Kote) | fallback | repetitions",
  "university-version-2 | university-version-2-kihon-waza > university-version-2-kihon-waza-do (Do) | fallback | repetitions",
  "university-version-2 | university-version-2-kihon-waza > university-version-2-kihon-waza-tsuki (Tsuki) | fallback | repetitions",
  "university-version-2 | (root) > university-version-2-shikake-waza (Shikake-waza) | not editable | none",
  "university-version-2 | university-version-2-shikake-waza > university-version-2-shikake-waza-men (Men) | explicit | repetitions",
  "university-version-2 | university-version-2-shikake-waza > university-version-2-shikake-waza-kote (Kote) | explicit | repetitions",
  "university-version-2 | university-version-2-shikake-waza > university-version-2-shikake-waza-do (Do) | explicit | repetitions",
  "university-version-2 | (root) > university-version-2-debana-waza (Debana-waza) | not editable | none",
  "university-version-2 | university-version-2-debana-waza > university-version-2-debana-waza-debana-men (Debana men) | explicit | repetitions",
  "university-version-2 | university-version-2-debana-waza > university-version-2-debana-waza-debana-kote (Debana kote) | explicit | repetitions",
  "university-version-2 | (root) > university-version-2-hiki-waza (Hiki-waza) | not editable | none",
  "university-version-2 | university-version-2-hiki-waza > university-version-2-hiki-waza-hiki-men (Hiki men) | explicit | repetitions",
  "university-version-2 | university-version-2-hiki-waza > university-version-2-hiki-waza-hiki-kote (Hiki kote) | explicit | repetitions",
  "university-version-2 | university-version-2-hiki-waza > university-version-2-hiki-waza-hiki-do (Hiki do) | explicit | repetitions",
  "university-version-2 | (root) > university-version-2-jigeiko-jigeiko (Jigeiko) | explicit | minutes",
  "university-version-2 | (root) > university-version-2-kakarigeijo-kakarigeijo (Kakarigeiko) | explicit | minutes",
  "university-version-2 | (root) > university-version-2-shiaigeiko-shiaigeiko (Shiaigeiko) | explicit | minutes",
  "top-university | (root) > top-university-warm-up-warm-up (Warm-up) | fallback | minutes",
  "top-university | (root) > top-university-sandan-geiko (Sandan-geiko) | not editable | none",
  "top-university | top-university-sandan-geiko > top-university-sandan-geiko-kirikaeshi (Kirikaeshi) | fallback | repetitions",
  "top-university | top-university-sandan-geiko > top-university-yakusoku-geiko (Yakusoku-geiko) | not editable | none",
  "top-university | top-university-yakusoku-geiko > top-university-yakusoku-geiko-men-kote (Men → Kote) | fallback | repetitions",
  "top-university | top-university-yakusoku-geiko > top-university-yakusoku-geiko-men-kukan-datotsu-men (Men → Kukan-datotsu-men) | fallback | repetitions",
  "top-university | top-university-yakusoku-geiko > top-university-yakusoku-geiko-men-kote-men-taiatari (Men → Kote-Men → Taiatari) | fallback | repetitions",
  "top-university | top-university-yakusoku-geiko > top-university-yakusoku-geiko-hiki-do-men-kirikaeshi (Hiki-dō → Men → 100 Kirikaeshi strikes) | explicit | repetitions",
  "top-university | top-university-sandan-geiko > top-university-fee-version (Free version) | not editable | none",
  "top-university | top-university-fee-version > top-university-fee-version-uchikomi-geiko (Uchikomi) | explicit | seconds",
  "top-university | top-university-fee-version > top-university-fee-version-kakari-geiko (Kakarigeiko) | explicit | seconds",
  "top-university | (root) > top-university-kubun-geiko (Kubun-geiko) | not editable | none",
  "top-university | top-university-kubun-geiko > top-university-kubun-geiko-uchikomi-men-only (Uchikomi (Men only)) | explicit | seconds",
  "top-university | top-university-kubun-geiko > top-university-kubun-geiko-kakari-geiko (Kakari-geiko) | explicit | seconds",
  "top-university | top-university-kubun-geiko > top-university-kubun-geiko-kirikaeshi (Kirikaeshi) | explicit | seconds",
  "top-university | (root) > top-university-jigeiko-jigeiko (Jigeiko) | explicit | minutes",
  "top-university | (root) > top-university-kakarigeiko-kakarigeiko (Kakarigeiko) | explicit | seconds",
]
`;
